[
  {
    "id": "XT7WfxiZDctFAfi1uZJp",
    "name": "F U13 -30Kg",
  },
  {
    "id": "6zPFrbhkdNGaKlTTTqqN",
    "name": "F U13 -33Kg",
  },
  {
    "id": "wFjxeSgvCWcpzenE4JVW",
    "name": "F U13 -37Kg",
  },
  {
    "id": "ISX488yDK2Lwd6ORX7aZ",
    "name": "F U13 -45Kg",
  },
  {
    "id": "YwVldgOjFQYIGZZwDufc",
    "name": "F U13 +45Kg",
  },
  {
    "id": "4bVgKB0FUxyOgSR95Lmu",
    "name": "M U13 -26Kg",
  },
  {
    "id": "BbesDWrrR6VInq4hbj5Z",
    "name": "M U13 -28Kg",
  },
  {
    "id": "0ngUgCQFFOoYbUFQxHCf",
    "name": "M U13 -30Kg",
  },
  {
    "id": "097af42pxO8CQkFjGKwK",
    "name": "M U13 -33Kg",
  },
  {
    "id": "AealVsQoFfYfHNISbpsk",
    "name": "M U13 -36Kg",
  },
  {
    "id": "3n2jbtcbcBtmbiEnsyju",
    "name": "M U13 -40Kg",
  },
  {
    "id": "SkxWQ1mlwVoxA0MmXzYx",
    "name": "M U13 -45Kg",
  },
  {
    "id": "k4zmsURCoeiB4HsPNHVY",
    "name": "M U13 -50Kg",
  },
  {
    "id": "WhOd57utQukoNvG1yDvo",
    "name": "M U13 +50Kg",
  },
  {
    "id": "nBFxKIJNVByjdDFzzprR",
    "name": "F U15 -40Kg",
  },
  {
    "id": "hmn14PIXQL8FVmZSIs0o",
    "name": "F U15 -52Kg",
  },
  {
    "id": "3t5iMVHz6OidEBWZ3TiY",
    "name": "F U15 +52Kg",
  },
  {
    "id": "3ccEo5AumbKadvz5wH11",
    "name": "M U15 -40Kg",
  },
  {
    "id": "zA2oaA18vjhqlq8Y5Yxm",
    "name": "M U15 -45kg",
  },
  {
    "id": "kgYW6uhDPhTcGMut9VqL",
    "name": "M U15 -50Kg",
  },
  {
    "id": "3P7lImVcVYh9or3GBmrD",
    "name": "M U15 -55Kg",
  },
  {
    "id": "syiKHaGJbcNbanNahqUN",
    "name": "M U15 -60Kg",
  },
  {
    "id": "pbIxpq0aIvd4Piv2BNUF",
    "name": "M U15 +60Kg",
  },
  {
    "id": "RhhIKb6GPK9VOjh6yTsc",
    "name": "F U18 -48Kg",
  },
  {
    "id": "3Tdb8eMU55V572pLwDzT",
    "name": "F U18 -57Kg",
  },
  {
    "id": "uw9lyZfVD9R8TcwAOQin",
    "name": "F U18 -63Kg",
  },
  {
    "id": "MXbQVS9fAEwQ4eNM5Mgq",
    "name": "F U18 +63Kg",
  },
  {
    "id": "veMreq4e4erQuOi3tyUO",
    "name": "M U18 -50Kg",
  },
  {
    "id": "wpUCac7ZJbVwkJ6rqc4q",
    "name": "M U18 -60Kg",
  },
  {
    "id": "9qtukTyj6sCHadvVeCLB",
    "name": "M U18 -66Kg",
  },
  {
    "id": "9WBLleK38W3XsV2lz4Eq",
    "name": "M U18 -73Kg",
  },
  {
    "id": "CM2h5wTJmedyn2Q5eYnd",
    "name": "M U18 -73Kg (errore)",
  },
  {
    "id": "852wqmC4GIh7XRoKE1ql",
    "name": "M U18 +73",
  },
  {
    "id": "ElOFfnWsiW1JSALewM59",
    "name": "JUN.-ELITE F -60Kg",
  },
  {
    "id": "qBrtJyovPhjLTS5qQQly",
    "name": "JUN.-ELITE F +60Kg",
  },
  {
    "id": "eqCEO8ioX5Kb1O3AUoIi",
    "name": "JUN.-ELITE M -66Kg",
  },
  {
    "id": "Htq0wLx9DyyvGI1uzEKC",
    "name": "JUN.-ELITE M -73Kg",
  },
  {
    "id": "9uKkGlEkzwnxHvbJIPDG",
    "name": "JUN.-ELITE M -81Kg",
  },
  {
    "id": "2y3o3SmDC4mlAawoSWlJ",
    "name": "JUN.-ELITE M -90Kg",
  },
  {
    "id": "2hAbXeJrKyUsRSV2Ty31",
    "name": "JUN.-ELITE M +90Kg",
  },
]