[
  {
    "currentMatch": "xBzTQHW1W4-s0Iv73D2F1",
    "id": "3wlUhFxFitqxLem1mo7i",
    "name": "F U13",
  },
  {
    "currentMatch": "XywgwoHQ4ycGU1TTkuFC6",
    "id": "x3KMtLcrGYHmklo8Or8m",
    "name": "M U13 -26Kg",
  },
  {
    "currentMatch": "F8FQCo-rfkJEfzoC6FSPb",
    "id": "yKe0Or7PJiR6tP13zbX4",
    "name": "M U13 -28Kg",
  },
  {
    "currentMatch": "Tjlo6fp4XGGO1Sok-knYI",
    "id": "kV7nQNVQpJPjUHhYhRn3",
    "name": "M U13 -30Kg",
  },
  {
    "currentMatch": "Ow2FO1oN1l8MxEQ_BikC5",
    "id": "adi6mOvIFEhDIzxZZ6qO",
    "name": "M U13 -33Kg",
  },
  {
    "currentMatch": "tx6taYVJ5VRjuURWT3vJq",
    "id": "0BI3vhrtn4dM08eUPWYz",
    "name": "M U13 -36Kg",
  },
  {
    "currentMatch": "lV0TXvg5ku59g2BZqx-MA",
    "id": "OqtqrOXspjQvX0wUYlX8",
    "name": "M U13 -40Kg",
  },
  {
    "currentMatch": "ECNRIQ5jarmD6EG40thBs",
    "id": "4bSFXUmLN1VYT7jKm8A9",
    "name": "M U13 -45Kg",
  },
  {
    "currentMatch": "kvFkWCvQq0dGNUnRhH0MS",
    "id": "OsKzkxdF6ttEbfUqYbg0",
    "name": "M U13 -50Kg",
  },
  {
    "currentMatch": "GK3fcKq9lLbtD86-iOP_x",
    "id": "Nm4rb9ZDt3ZGDfLDACEI",
    "name": "M U13 +50Kg",
  },
  {
    "currentMatch": "jHrhoueJAmxhTLTX63cDw",
    "id": "OG5RLvqRKr0aZ6inZL6W",
    "name": "F U15 -44Kg",
  },
  {
    "currentMatch": "PP6ztRZ1Th0FYc7AdZOBr",
    "id": "GBGLZJ8ajOghnJnZxwsk",
    "name": "M U15 -40Kg",
  },
  {
    "currentMatch": "ey_DIE8VfFVFkbzAZRF-n",
    "id": "WLTqt8W3GFXWHKV4nv0M",
    "name": "M U15 -45kg",
  },
  {
    "currentMatch": "9Yv9Uij79KSRMlXwmsDho",
    "id": "dmh27XTQuHJ54WcvOKHR",
    "name": "M U15 -50Kg",
  },
  {
    "currentMatch": "HWCB2H93dmlz8IivcCU-r",
    "id": "fkrp7gXoFvfRHE3vSwwi",
    "name": "M U15 -55Kg",
  },
  {
    "currentMatch": "3L8aKRkWvKrfyVFIy5q2d",
    "id": "hbTEaTrzBC1xh6ps4pm9",
    "name": "M U15 -60Kg",
  },
  {
    "currentMatch": "fnEN64SieRUm_1XrNbniL",
    "id": "n9LetcgUNMsrZAzus73Z",
    "name": "M U15 +60Kg",
  },
  {
    "currentMatch": "veTvWvNffw8Zp242J5uqL",
    "id": "XFtgtXDnj3PhFHAkPpk2",
    "name": "F U18 -50Kg",
  },
  {
    "currentMatch": "jQOVBosTfLsCrkayVn5Nm",
    "id": "FKIb0CCdvklAl9AGtyKE",
    "name": "F U18 -60Kg",
  },
  {
    "currentMatch": "VAviQzzJ_biPudyroM10t",
    "id": "y58fEMi3b8hcKiB46qrb",
    "name": "M U18 -50Kg",
  },
  {
    "currentMatch": "kP5UwwdYyWabSs6c9ph7a",
    "id": "AYvqEts4AGbSltd4s5mh",
    "name": "M U18 -55Kg",
  },
  {
    "currentMatch": "xUT_0Hd9ui5X2PCkGxKOg",
    "id": "p1L1z2Fa6L9WEpDelRjV",
    "name": "M U18 -60Kg",
  },
  {
    "currentMatch": "EqEnJjsH-UtBve-RwDW1l",
    "id": "YtwJWCpsw9QDY4HQcwbU",
    "name": "M U18 -66Kg",
  },
  {
    "currentMatch": "aUG32qx-Ux83Zyxv2tlWz",
    "id": "xSyR6dCIlJv1NFpXVXVy",
    "name": "M U18 -73Kg",
  },
  {
    "currentMatch": "YdCto6KWuFV0YTNGIOrAh",
    "id": "NO44JTV2n3F9WqVw43iS",
    "name": "M U18 +73",
  },
  {
    "currentMatch": "KKaA7C7mz7XuohEy36hbR",
    "id": "sLUEVc7zFZ5iht8sNNCq",
    "name": "JUN.-ELITE F",
  },
  {
    "currentMatch": "t8L89H0X2RTWZEAXNOdLd",
    "id": "dmYOhasUBhYUdK3W3efg",
    "name": "JUN.-ELITE M -66Kg",
  },
  {
    "currentMatch": "TOZ9NPtLaczkLekuTCe-_",
    "id": "NOs7877ux2F0AVxVPdUN",
    "name": "JUN.-ELITE M -73Kg",
  },
  {
    "currentMatch": "KEquH4LiRsN4dKsDx_f1D",
    "id": "E5d0FXrPuLE5hNj6TKeg",
    "name": "JUN.-ELITE M -81Kg",
  },
  {
    "currentMatch": "J9cdmnoPFsZ06vDO64PlM",
    "id": "wwXtxNqArOHDYKG6ZO9M",
    "name": "JUN.-ELITE M +81Kg",
  },
]